../Core/Src/main.c:106:6:setupDelay	4	static
../Core/Src/main.c:114:6:toggleDot	8	static
../Core/Src/main.c:118:6:display7SEG	24	static
../Core/Src/main.c:129:6:enable7SEG	24	static
../Core/Src/main.c:137:6:update7SEG	16	static
../Core/Src/main.c:159:6:updateClockBuffer	4	static
../Core/Src/main.c:166:6:exercise1	8	static
../Core/Src/main.c:182:6:exercise2	8	static
../Core/Src/main.c:213:5:main	8	static
../Core/Src/main.c:285:6:SystemClock_Config	72	static
../Core/Src/main.c:318:6:HAL_TIM_PeriodElapsedCallback	16	static
../Core/Src/main.c:327:6:Error_Handler	4	static,ignoring_inline_asm
