../Core/Src/main.c:173:6:setupDelay	4	static
../Core/Src/main.c:183:6:toggleDot	8	static
../Core/Src/main.c:187:6:display7SEG	24	static
../Core/Src/main.c:198:6:enable7SEG	24	static
../Core/Src/main.c:206:6:update7SEG	16	static
../Core/Src/main.c:228:6:displayLEDMatrixCol	24	static
../Core/Src/main.c:234:6:enableLEDMatrixCol	24	static
../Core/Src/main.c:240:6:updateLEDMatrix	16	static
../Core/Src/main.c:279:6:updateClockBuffer	4	static
../Core/Src/main.c:287:6:updateAnimationBuffer	16	static
../Core/Src/main.c:295:6:exercise1	8	static
../Core/Src/main.c:311:6:exercise2	8	static
../Core/Src/main.c:342:5:main	8	static
../Core/Src/main.c:425:6:SystemClock_Config	72	static
../Core/Src/main.c:458:6:HAL_TIM_PeriodElapsedCallback	16	static
../Core/Src/main.c:467:6:Error_Handler	4	static,ignoring_inline_asm
