14:29:40 **** Incremental Build of configuration Debug for project Timer_Interrupt ****
make -j12 all 
arm-none-eabi-gcc "../Core/Src/main.c" -mcpu=cortex-m3 -std=gnu11 -g3 -DDEBUG -DUSE_HAL_DRIVER -DSTM32F103x6 -c -I../Core/Inc -I../Drivers/STM32F1xx_HAL_Driver/Inc/Legacy -I../Drivers/STM32F1xx_HAL_Driver/Inc -I../Drivers/CMSIS/Device/ST/STM32F1xx/Include -I../Drivers/CMSIS/Include -O0 -ffunction-sections -fdata-sections -Wall -fstack-usage -MMD -MP -MF"Core/Src/main.d" -MT"Core/Src/main.o" --specs=nano.specs -mfloat-abi=soft -mthumb -o "Core/Src/main.o"
arm-none-eabi-gcc -o "Timer_Interrupt.elf" @"objects.list"   -mcpu=cortex-m3 -T"C:\Users\ADMIN\Documents\MCU\Lab2\Timer_Interrupt\STM32F103C6UX_FLASH.ld" --specs=nosys.specs -Wl,-Map="Timer_Interrupt.map" -Wl,--gc-sections -static --specs=nano.specs -mfloat-abi=soft -mthumb -Wl,--start-group -lc -lm -Wl,--end-group
Finished building target: Timer_Interrupt.elf
 
arm-none-eabi-size   Timer_Interrupt.elf 
arm-none-eabi-objdump -h -S  Timer_Interrupt.elf  > "Timer_Interrupt.list"
arm-none-eabi-objcopy  -O ihex  Timer_Interrupt.elf  "Timer_Interrupt.hex"
arm-none-eabi-objcopy  -O binary  Timer_Interrupt.elf  "Timer_Interrupt.bin"
   text	   data	    bss	    dec	    hex	filename
   8264	     60	   1668	   9992	   2708	Timer_Interrupt.elf
Finished building: default.size.stdout
 
Finished building: Timer_Interrupt.hex
Finished building: Timer_Interrupt.bin
 
 
Finished building: Timer_Interrupt.list
 

14:29:40 Build Finished. 0 errors, 0 warnings. (took 407ms)

